// Jest Snapshot v1, https://goo.gl/fbAQLP

exports[`CustomButton component should render component snapshot 1`] = `
<div>
  <button
    class="sc-bdnxRM JsWqM"
  >
    Custom Button
  </button>
</div>
`;
